
> corporate-gpt@5.0.3 build
> vite build

[36mvite v6.4.2 [32mbuilding for production...[36m[39m
transforming...
[32mΓ£ô[39m 27 modules transformed.
node.exe : [31mΓ£ù[39m Build failed in 541ms
At line:1 char:1
+ & "C:\Program Files\nodejs/node.exe" "C:\Program Files\nodejs/node_mo ...
+ ~~~~~~~~~~~~~~~~~~~~~~~~~~~~~~~~~~~~~~~~~~~~~~~~~~~~~~~~~~~~~~~~~~~~~
    + CategoryInfo          : NotSpecified: ([31mΓ£ù[39m Build failed in 541ms:String) [], RemoteException
    + FullyQualifiedErrorId : NativeCommandError
 
[31merror during build:
[31m[vite:esbuild] Transform failed with 3 errors:
C:/Users/gabsv/Documents/Proyectos/Catalizia_Corp/Corporate_GPT/src/components/LandingPage.tsx:432:10: ERROR: 
Unexpected closing "div" tag does not match opening "section" tag
C:/Users/gabsv/Documents/Proyectos/Catalizia_Corp/Corporate_GPT/src/components/LandingPage.tsx:433:8: ERROR: 
Unexpected closing "section" tag does not match opening "div" tag
C:/Users/gabsv/Documents/Proyectos/Catalizia_Corp/Corporate_GPT/src/components/LandingPage.tsx:435:6: ERROR: Expected 
")" but found "{"[31m
file: [36mC:/Users/gabsv/Documents/Proyectos/Catalizia_Corp/Corporate_GPT/src/components/LandingPage.tsx:432:10[31m
[33m
[33mUnexpected closing "div" tag does not match opening "section" tag[33m
430|              </div>
431|            </div>
432|          </div>
   |            ^
433|        </section>
434|  

[33mUnexpected closing "section" tag does not match opening "div" tag[33m
431|            </div>
432|          </div>
433|        </section>
   |          ^
434|  
435|        {/* Security Proof Section */}

[33mExpected ")" but found "{"[33m
433|        </section>
434|  
435|        {/* Security Proof Section */}
   |        ^
436|        <section className="py-32 px-6 lg:px-12 bg-slate-50 dark:bg-white/[0.02] border-y border-corporate-100 
dark:border-white/5">
437|          <div className="max-w-7xl mx-auto flex flex-col md:flex-row items-center gap-16 md:gap-32">
[31m
    at failureErrorWithLog (C:\Users\gabsv\Documents\Proyectos\Catalizia_Corp\Corporate_GPT\node_modules\vite\node_modu
les\esbuild\lib\main.js:1467:15)
    at C:\Users\gabsv\Documents\Proyectos\Catalizia_Corp\Corporate_GPT\node_modules\vite\node_modules\esbuild\lib\main.
js:736:50
    at responseCallbacks.<computed> (C:\Users\gabsv\Documents\Proyectos\Catalizia_Corp\Corporate_GPT\node_modules\vite\
node_modules\esbuild\lib\main.js:603:9)
    at handleIncomingPacket (C:\Users\gabsv\Documents\Proyectos\Catalizia_Corp\Corporate_GPT\node_modules\vite\node_mod
ules\esbuild\lib\main.js:658:12)
    at Socket.readFromStdout (C:\Users\gabsv\Documents\Proyectos\Catalizia_Corp\Corporate_GPT\node_modules\vite\node_mo
dules\esbuild\lib\main.js:581:7)
    at Socket.emit (node:events:508:28)
    at addChunk (node:internal/streams/readable:559:12)
    at readableAddChunkPushByteMode (node:internal/streams/readable:510:3)
    at Readable.push (node:internal/streams/readable:390:5)
    at Pipe.onStreamRead (node:internal/stream_base_commons:189:23)[39m
